════ control: inbound_write_namespace_authorized  (shape: return)  target: src/federation/receive_auth.rs  guard: tests/federation_write_ns_scope_2447.rs::federated_write_outside_peer_scope_refused_2447
  → running guard with BROKEN control (expect RED)…
  → running guard with RESTORED control (expect GREEN)…
  [PROVEN] control is load-bearing: broken→RED (rc=101), restored→GREEN (rc=0)
════ control: inbound_by_id_namespace_authorized  (shape: return)  target: src/federation/receive_auth.rs  guard: tests/federation_delete_ns_scope_2488.rs::enrolled_unscoped_federated_deletion_refused_by_default_2488
  → running guard with BROKEN control (expect RED)…
  → running guard with RESTORED control (expect GREEN)…
  [PROVEN] control is load-bearing: broken→RED (rc=101), restored→GREEN (rc=0)
════ control: inbound_namespace_meta_authorized  (shape: return)  target: src/federation/receive_auth.rs  guard: tests/federation_ns_meta_scope_2479.rs::exploit_set_rebinds_out_of_scope_victim_standard_2479
  → running guard with BROKEN control (expect RED)…
  → running guard with RESTORED control (expect GREEN)…
  [PROVEN] control is load-bearing: broken→RED (rc=101), restored→GREEN (rc=0)
════ control: require_push_namespace_scope_enabled  (shape: return)  target: src/federation/receive_auth.rs  guard: tests/federation_write_ns_scope_2447.rs::enrolled_peer_without_declared_namespaces_denied_by_default_2447
  → running guard with BROKEN control (expect RED)…
  → running guard with RESTORED control (expect GREEN)…
  [PROVEN] control is load-bearing: broken→RED (rc=101), restored→GREEN (rc=0)
════ control: authorize_remote_checkpoint_resolution  (shape: body)  target: src/federation/receive_auth.rs  guard: tests/federation_1936_checkpoint_fed.rs::strict_refuses_unenrolled_resolver
  → running guard with BROKEN control (expect RED)…
  → running guard with RESTORED control (expect GREEN)…
  [PROVEN] control is load-bearing: broken→RED (rc=101), restored→GREEN (rc=0)
════ control: compute_signature_verdict  (shape: body)  target: src/signed_events.rs  guard: tests/audit_signature_pin_l4.rs::downgraded_lineage_row_under_pin_dirties_l4
  → running guard with BROKEN control (expect RED)…
  → running guard with RESTORED control (expect GREEN)…
  [PROVEN] control is load-bearing: broken→RED (rc=101), restored→GREEN (rc=0)
════ control: emit_upsert_supersede_leaf_if_enabled  (shape: body)  target: src/storage/mod.rs  guard: tests/append_only_upsert_supersede_2948.rs::armed_upsert_merge_emits_one_identity_only_supersede_leaf
  → running guard with BROKEN control (expect RED)…
  → running guard with RESTORED control (expect GREEN)…
  [PROVEN] control is load-bearing: broken→RED (rc=101), restored→GREEN (rc=0)
════ control: emit_federation_newer_wins_supersede_leaf_if_enabled  (shape: body)  target: src/storage/mod.rs  guard: tests/append_only_spine_flagon_g6.rs::federation_newer_wins_emits_one_identity_only_supersede_leaf
  → running guard with BROKEN control (expect RED)…
  → running guard with RESTORED control (expect GREEN)…
  [PROVEN] control is load-bearing: broken→RED (rc=101), restored→GREEN (rc=0)
════ control: audit_watermark_exoneration_authenticated  (shape: return)  target: src/governance/audit.rs  guard: tests/audit_exoneration_asymmetry_l7.rs::unauthenticated_watermark_under_pin_withholds_exoneration_l7
  → running guard with BROKEN control (expect RED)…
  → running guard with RESTORED control (expect GREEN)…
  [PROVEN] control is load-bearing: broken→RED (rc=101), restored→GREEN (rc=0)
════ control: consolidate_confidence_floor_2935  (shape: subst)  target: src/storage/mod.rs  guard: tests/trust_propagation_1958_1959.rs::consolidate_floors_confidence_and_stamps_claim_2935
  → running guard with BROKEN control (expect RED)…
  → running guard with RESTORED control (expect GREEN)…
  [PROVEN] control is load-bearing: broken→RED (rc=101), restored→GREEN (rc=0)
════ control: consolidate_derived_kind_2935  (shape: subst)  target: src/storage/mod.rs  guard: tests/trust_propagation_1958_1959.rs::consolidate_floors_confidence_and_stamps_claim_2935
  → running guard with BROKEN control (expect RED)…
  → running guard with RESTORED control (expect GREEN)…
  [PROVEN] control is load-bearing: broken→RED (rc=101), restored→GREEN (rc=0)
════ control: scan_file_last_watermark_db_id_scope_2955  (shape: subst)  target: src/governance/audit.rs  guard: tests/audit_watermark_db_id_scope_2955.rs::foreign_db_watermark_not_honored_as_this_db_high_water
  → running guard with BROKEN control (expect RED)…
  → running guard with RESTORED control (expect GREEN)…
  [PROVEN] control is load-bearing: broken→RED (rc=101), restored→GREEN (rc=0)
════ control: admin_header_trust_boot_refusal  (shape: return)  target: src/handlers/admin_role.rs  guard: tests/admin_header_trust_boot_gate_3065.rs::dangerous_combo_refuses_boot
  → running guard with BROKEN control (expect RED)…
  → running guard with RESTORED control (expect GREEN)…
  [PROVEN] control is load-bearing: broken→RED (rc=101), restored→GREEN (rc=0)
════ control: consume_execution_exemption  (shape: return)  target: src/approvals.rs  guard: tests/r40_approval_chokepoint.rs::exemption_discriminates_unregistered_cid
  → running guard with BROKEN control (expect RED)…
  → running guard with RESTORED control (expect GREEN)…
  [PROVEN] control is load-bearing: broken→RED (rc=101), restored→GREEN (rc=0)
════ control: wake_backstop_always_armed_3472  (shape: subst)  target: src/wake_client/mod.rs  guard: tests/wake_client_3470.rs::inbox_wait_returns_on_the_bounded_backstop_with_no_hub_3470
  → running guard with BROKEN control (expect RED)…
  → running guard with RESTORED control (expect GREEN)…
  [PROVEN] control is load-bearing: broken→RED (rc=101), restored→GREEN (rc=0)

overall: PASS — every checked control proven load-bearing (§5.4.5)
rc=0
