   Compiling ai-memory v1.0.0 (<repo-root>)
warning: unreachable statement
    --> src/federation/receive_auth.rs:1324:5
     |
1320 |       return true; // CERT-REMOVAL-PROOF-MUTATION
     |       ----------- any code following this expression is unreachable
...
1324 | /     if !attest_cfg.has_allowlist() {
1325 | |         return true;
1326 | |     }
     | |_____^ unreachable statement
     |
     = note: `#[warn(unreachable_code)]` (part of `#[warn(unused)]`) on by default

warning: unused variable: `lane`
    --> src/federation/receive_auth.rs:1313:5
     |
1313 |     lane: &str,
     |     ^^^^ help: if this is intentional, prefix it with an underscore: `_lane`
     |
     = note: `#[warn(unused_variables)]` (part of `#[warn(unused)]`) on by default

warning: unused variable: `namespace`
    --> src/federation/receive_auth.rs:1314:5
     |
1314 |     namespace: &str,
     |     ^^^^^^^^^ help: if this is intentional, prefix it with an underscore: `_namespace`

warning: unused variable: `declared_parent`
    --> src/federation/receive_auth.rs:1315:5
     |
1315 |     declared_parent: Option<&str>,
     |     ^^^^^^^^^^^^^^^ help: if this is intentional, prefix it with an underscore: `_declared_parent`

warning: unused variable: `attest_cfg`
    --> src/federation/receive_auth.rs:1316:5
     |
1316 |     attest_cfg: &crate::federation::peer_attestation::PeerAttestationConfig,
     |     ^^^^^^^^^^ help: if this is intentional, prefix it with an underscore: `_attest_cfg`

warning: unused variable: `peer_id`
    --> src/federation/receive_auth.rs:1317:5
     |
1317 |     peer_id: Option<&str>,
     |     ^^^^^^^ help: if this is intentional, prefix it with an underscore: `_peer_id`

warning: unused variable: `require_push_namespace_scope`
    --> src/federation/receive_auth.rs:1318:5
     |
1318 |     require_push_namespace_scope: bool,
     |     ^^^^^^^^^^^^^^^^^^^^^^^^^^^^ help: if this is intentional, prefix it with an underscore: `_require_push_namespace_scope`

warning: `ai-memory` (lib) generated 7 warnings (run `cargo fix --lib -p ai-memory` to apply 6 suggestions)
    Finished `test` profile [unoptimized + debuginfo] target(s) in 43.40s
     Running tests/federation_ns_meta_scope_2479.rs (.local-runs-target/debug/deps/federation_ns_meta_scope_2479-597cdb318262c065)

running 1 test

thread 'exploit_set_rebinds_out_of_scope_victim_standard_2479' (637577) panicked at tests/federation_ns_meta_scope_2479.rs:401:5:
assertion `left == right` failed: the victim namespace's standard must be UNCHANGED: {"action_transitions_applied":0,"applied":0,"archived":0,"checkpoints_applied":0,"checkpoints_conflicted":0,"deleted":0,"dry_run":false,"links_applied":0,"namespace_meta_applied":1,"namespace_meta_cleared":0,"namespace_meta_refused":0,"noop":0,"pending_decisions_applied":0,"pendings_applied":0,"quota_refused":0,"receiver_agent_id":"anonymous:req-287517bd","receiver_clock":{"entries":{}},"restored":0,"signals_applied":0,"skipped":0}
  left: Some("cda11363-6a21-4146-82db-4fa001049415")
 right: Some("519bbc6f-19ea-4fba-ac42-2a37f9857d1e")
note: run with `RUST_BACKTRACE=1` environment variable to display a backtrace
test exploit_set_rebinds_out_of_scope_victim_standard_2479 ... FAILED

failures:

failures:
    exploit_set_rebinds_out_of_scope_victim_standard_2479

test result: FAILED. 0 passed; 1 failed; 0 ignored; 0 measured; 10 filtered out; finished in 0.30s

error: test failed, to rerun pass `--test federation_ns_meta_scope_2479`
