════ control: inbound_write_namespace_authorized  (mutation: return true;)  guard: tests/federation_write_ns_scope_2447.rs::federated_write_outside_peer_scope_refused_2447
  → running guard with BROKEN control (expect RED)…
  → running guard with RESTORED control (expect GREEN)…
  [PROVEN] control is load-bearing: broken→RED (rc=101), restored→GREEN (rc=0)
════ control: inbound_by_id_namespace_authorized  (mutation: return true;)  guard: tests/federation_delete_ns_scope_2488.rs::enrolled_unscoped_federated_deletion_refused_by_default_2488
  → running guard with BROKEN control (expect RED)…
  → running guard with RESTORED control (expect GREEN)…
  [PROVEN] control is load-bearing: broken→RED (rc=101), restored→GREEN (rc=0)
════ control: inbound_namespace_meta_authorized  (mutation: return true;)  guard: tests/federation_ns_meta_scope_2479.rs::exploit_set_rebinds_out_of_scope_victim_standard_2479
  → running guard with BROKEN control (expect RED)…
  → running guard with RESTORED control (expect GREEN)…
  [PROVEN] control is load-bearing: broken→RED (rc=101), restored→GREEN (rc=0)
════ control: peer_enrolled_in_allowlist  (mutation: return true;)  guard: tests/federation_write_ns_scope_2447.rs::federated_write_outside_peer_scope_refused_2447
  → running guard with BROKEN control (expect RED)…
  → running guard with RESTORED control (expect GREEN)…
  [CERT-RED] control NOT proven load-bearing: broken→rc=0 (want !=0), restored→rc=0 (want 0)
════ control: require_push_namespace_scope_enabled  (mutation: return false;)  guard: tests/federation_write_ns_scope_2447.rs::federated_write_outside_peer_scope_refused_2447
  → running guard with BROKEN control (expect RED)…
  → running guard with RESTORED control (expect GREEN)…
  [CERT-RED] control NOT proven load-bearing: broken→rc=0 (want !=0), restored→rc=0 (want 0)
════ control: authorize_remote_checkpoint_resolution  (mutation: return CheckpointResolutionAuthz::Accept;)  guard: tests/federation_checkpoint_ns_scope_2708.rs::out_of_scope_stored_anchor_cannot_be_resolved_by_wire_namespace_2708
  → running guard with BROKEN control (expect RED)…
  → running guard with RESTORED control (expect GREEN)…
  [CERT-RED] control NOT proven load-bearing: broken→rc=0 (want !=0), restored→rc=0 (want 0)

overall: CERT-RED — a control failed the removal proof (§5.4.5)
