   Compiling ai-memory v1.0.0 (<repo-root>)
warning: unreachable statement
    --> src/federation/receive_auth.rs:1192:5
     |
1189 |       return true; // CERT-REMOVAL-PROOF-MUTATION
     |       ----------- any code following this expression is unreachable
...
1192 | /     if !attest_cfg.has_allowlist() {
1193 | |         return true;
1194 | |     }
     | |_____^ unreachable statement
     |
     = note: `#[warn(unreachable_code)]` (part of `#[warn(unused)]`) on by default

warning: unused variable: `lane`
    --> src/federation/receive_auth.rs:1182:5
     |
1182 |     lane: &str,
     |     ^^^^ help: if this is intentional, prefix it with an underscore: `_lane`
     |
     = note: `#[warn(unused_variables)]` (part of `#[warn(unused)]`) on by default

warning: unused variable: `memory_id`
    --> src/federation/receive_auth.rs:1183:5
     |
1183 |     memory_id: &str,
     |     ^^^^^^^^^ help: if this is intentional, prefix it with an underscore: `_memory_id`

warning: unused variable: `stored_namespace`
    --> src/federation/receive_auth.rs:1184:5
     |
1184 |     stored_namespace: Option<&str>,
     |     ^^^^^^^^^^^^^^^^ help: if this is intentional, prefix it with an underscore: `_stored_namespace`

warning: unused variable: `attest_cfg`
    --> src/federation/receive_auth.rs:1185:5
     |
1185 |     attest_cfg: &crate::federation::peer_attestation::PeerAttestationConfig,
     |     ^^^^^^^^^^ help: if this is intentional, prefix it with an underscore: `_attest_cfg`

warning: unused variable: `peer_id`
    --> src/federation/receive_auth.rs:1186:5
     |
1186 |     peer_id: Option<&str>,
     |     ^^^^^^^ help: if this is intentional, prefix it with an underscore: `_peer_id`

warning: unused variable: `require_push_namespace_scope`
    --> src/federation/receive_auth.rs:1187:5
     |
1187 |     require_push_namespace_scope: bool,
     |     ^^^^^^^^^^^^^^^^^^^^^^^^^^^^ help: if this is intentional, prefix it with an underscore: `_require_push_namespace_scope`

warning: `ai-memory` (lib) generated 7 warnings (run `cargo fix --lib -p ai-memory` to apply 6 suggestions)
    Finished `test` profile [unoptimized + debuginfo] target(s) in 47.98s
     Running tests/federation_delete_ns_scope_2488.rs (.local-runs-target/debug/deps/federation_delete_ns_scope_2488-aba19b2906c770be)

running 1 test

thread 'enrolled_unscoped_federated_deletion_refused_by_default_2488' (635612) panicked at tests/federation_delete_ns_scope_2488.rs:372:5:
#2488 Layer 2: an enrolled peer that declares no allowed_namespaces must NOT be able to hard-delete by id
note: run with `RUST_BACKTRACE=1` environment variable to display a backtrace
test enrolled_unscoped_federated_deletion_refused_by_default_2488 ... FAILED

failures:

failures:
    enrolled_unscoped_federated_deletion_refused_by_default_2488

test result: FAILED. 0 passed; 1 failed; 0 ignored; 0 measured; 8 filtered out; finished in 0.73s

error: test failed, to rerun pass `--test federation_delete_ns_scope_2488`
