    Blocking waiting for file lock on build directory
   Compiling ai-memory v1.0.0 (<repo-root>)
warning: unreachable expression
   --> src/federation/receive_auth.rs:704:5
    |
703 |     return false; // CERT-REMOVAL-PROOF-MUTATION
    |     ------------ any code following this expression is unreachable
704 |     env_flag_default_on(REQUIRE_PUSH_NAMESPACE_SCOPE_ENV)
    |     ^^^^^^^^^^^^^^^^^^^^^^^^^^^^^^^^^^^^^^^^^^^^^^^^^^^^^ unreachable expression
    |
    = note: `#[warn(unreachable_code)]` (part of `#[warn(unused)]`) on by default

warning: `ai-memory` (lib) generated 1 warning
    Finished `test` profile [unoptimized + debuginfo] target(s) in 39.20s
     Running tests/federation_write_ns_scope_2447.rs (target/debug/deps/federation_write_ns_scope_2447-c4032c8805693bd1)

running 1 test

thread 'enrolled_peer_without_declared_namespaces_denied_by_default_2447' (2229484) panicked at tests/federation_write_ns_scope_2447.rs:459:5:
assertion `left == right` failed: #2447 Layer 2: an enrolled peer that declares no allowed_namespaces must be refused by default
  left: 1
 right: 0
note: run with `RUST_BACKTRACE=1` environment variable to display a backtrace
test enrolled_peer_without_declared_namespaces_denied_by_default_2447 ... FAILED

failures:

failures:
    enrolled_peer_without_declared_namespaces_denied_by_default_2447

test result: FAILED. 0 passed; 1 failed; 0 ignored; 0 measured; 5 filtered out; finished in 0.40s

error: test failed, to rerun pass `--test federation_write_ns_scope_2447`
